// 同步 ID: d55d7362 @ Sun Jul 26 04:48:54 UTC 2026
// 同步 ID: e9a59164 @ Sun Jul 26 12:18:17 UTC 2026
// 重构日志: cb890284
// 同步 ID: 62b4bdd9 @ Tue Jul 28 11:30:14 UTC 2026
// 重构日志: e59b5bd5
// 同步 ID: a6a81a07 @ Tue Jul 28 18:27:17 UTC 2026
// 同步 ID: e4e4cb32 @ Wed Jul 29 03:39:40 UTC 2026
// 重构日志: 8a1b0796
// 重构日志: 934fcaf2
// 重构日志: cf2301dc
// 重构日志: aa650851
// 重构日志: 0108d4f2
// 同步 ID: f67172bc @ Thu Jul 30 17:16:01 UTC 2026
// 同步 ID: 1e892992 @ Fri Jul 31 04:47:14 UTC 2026
// 重构日志: e56367c0
// 同步 ID: 13fc36dd @ Sat Aug  1 19:25:06 UTC 2026
// 同步 ID: d04e8257 @ Sun Aug  2 15:17:26 UTC 2026
// 重构日志: bbc74247
// 重构日志: 74d1780b
// 重构日志: 36f1a12b
// 同步 ID: 0e829395 @ Wed Aug  5 17:21:43 UTC 2026
// 重构日志: ccfa1807
// 同步 ID: a9ce7618 @ Thu Aug  6 07:15:10 UTC 2026
// 重构日志: ad376c1a
// 重构日志: 735d4491
// 重构日志: 636db400
// 重构日志: ac380f70
// 重构日志: 7a74089e
// 同步 ID: e1c5cf17 @ Sat Aug  8 17:42:12 UTC 2026
// 同步 ID: 8206ce0c @ Sat Aug  8 19:43:37 UTC 2026
